==== textobj_user_plugin sfile
---- It should be able to call script-local function. 
...



**** Result ****


3 examples, 0 failures
